// Jest Snapshot v1, https://goo.gl/fbAQLP

exports[`Logo should match snapshot 1`] = `
<div
  className="sc-dlnjwi dNVBYq"
>
  <img
    className="sc-bdnxRM cKwECw"
    src="logo.jpg"
  />
  <h1
    className="sc-gtsrHT bICckE"
  >
    statistic
  </h1>
</div>
`;
