// Jest Snapshot v1, https://goo.gl/fbAQLP

exports[`Row should match snapshot 1`] = `
<styled.div
  onClick={[Function]}
  tableHead={false}
  withHover={false}
/>
`;
